Copyright 1986-2022 Xilinx, Inc. All Rights Reserved. Copyright 2022-2023 Advanced Micro Devices, Inc. All Rights Reserved.
---------------------------------------------------------------------------------------------------------------------------------------------------------------------------------------
| Tool Version : Vivado v.2023.2.1 (win64) Build 4081461 Thu Dec 14 12:24:51 MST 2023
| Date         : Fri Apr  5 02:10:17 2024
| Host         : DESKTOP-MU57QG1 running 64-bit major release  (build 9200)
| Command      : report_bus_skew -warn_on_violation -file Ripple_Carry_Adder_bus_skew_routed.rpt -pb Ripple_Carry_Adder_bus_skew_routed.pb -rpx Ripple_Carry_Adder_bus_skew_routed.rpx
| Design       : Ripple_Carry_Adder
| Device       : 7k70t-fbv676
| Speed File   : -1  PRODUCTION 1.12 2017-02-17
| Design State : Routed
---------------------------------------------------------------------------------------------------------------------------------------------------------------------------------------

Bus Skew Report

No bus skew constraints

