Copyright 1986-2022 Xilinx, Inc. All Rights Reserved. Copyright 2022-2023 Advanced Micro Devices, Inc. All Rights Reserved.
------------------------------------------------------------------------------------------------------------------------------------------------------------------------------------
| Tool Version : Vivado v.2023.2.1 (win64) Build 4081461 Thu Dec 14 12:24:51 MST 2023
| Date         : Thu Apr 11 00:55:48 2024
| Host         : DESKTOP-MU57QG1 running 64-bit major release  (build 9200)
| Command      : report_bus_skew -warn_on_violation -file Low_part_OR_Adder_bus_skew_routed.rpt -pb Low_part_OR_Adder_bus_skew_routed.pb -rpx Low_part_OR_Adder_bus_skew_routed.rpx
| Design       : Low_part_OR_Adder
| Device       : 7k70t-fbv676
| Speed File   : -1  PRODUCTION 1.12 2017-02-17
| Design State : Routed
------------------------------------------------------------------------------------------------------------------------------------------------------------------------------------

Bus Skew Report

No bus skew constraints

